
> server@1.0.0 build
> tsc && tsc-alias

src/controllers/postControllers.ts(50,54): error TS2345: Argument of type 'string | string[]' is not assignable to parameter of type 'string'.
  Type 'string[]' is not assignable to type 'string'.
src/controllers/postControllers.ts(76,65): error TS2345: Argument of type 'string | string[]' is not assignable to parameter of type 'string'.
  Type 'string[]' is not assignable to type 'string'.
src/controllers/postControllers.ts(89,52): error TS2345: Argument of type 'string | string[]' is not assignable to parameter of type 'string'.
  Type 'string[]' is not assignable to type 'string'.
src/controllers/postControllers.ts(102,71): error TS2345: Argument of type 'string | string[]' is not assignable to parameter of type 'string'.
  Type 'string[]' is not assignable to type 'string'.
src/controllers/postControllers.ts(116,61): error TS2345: Argument of type 'string | string[]' is not assignable to parameter of type 'string'.
  Type 'string[]' is not assignable to type 'string'.
src/controllers/postControllers.ts(133,13): error TS2345: Argument of type 'string | string[]' is not assignable to parameter of type 'string'.
  Type 'string[]' is not assignable to type 'string'.
src/repositories/creatorPageRepository.ts(7,21): error TS2322: Type 'Query<(Document<unknown, {}, { status?: any; createdAt?: any; updatedAt?: any; displayName?: any; avatarUrl?: any; userId?: any; pageSlug?: any; tagline?: any; category?: any; bannerUrl?: any; about?: any; socialLinks?: any; theme?: any; ... 60 more ...; validateSync?: any; }, {}, DefaultSchemaOptions> & { ...; } & ...' is not assignable to type 'Query<(Document<unknown, {}, ICreatorPageDocument, {}, DefaultSchemaOptions> & ICreatorPageDocument & Required<...> & { ...; } & { ...; }) | null, ... 4 more ..., {}>'.
  The types returned by 'exec()' are incompatible between these types.
    Type 'Promise<(Document<unknown, {}, { status?: any; createdAt?: any; updatedAt?: any; displayName?: any; avatarUrl?: any; userId?: any; pageSlug?: any; tagline?: any; category?: any; bannerUrl?: any; about?: any; socialLinks?: any; theme?: any; ... 60 more ...; validateSync?: any; }, {}, DefaultSchemaOptions> & { ...; } ...' is not assignable to type 'Promise<(Document<unknown, {}, ICreatorPageDocument, {}, DefaultSchemaOptions> & ICreatorPageDocument & Required<...> & { ...; } & { ...; }) | null>'.
      Type '(Document<unknown, {}, { status?: any; createdAt?: any; updatedAt?: any; displayName?: any; avatarUrl?: any; userId?: any; pageSlug?: any; tagline?: any; category?: any; bannerUrl?: any; about?: any; socialLinks?: any; theme?: any; ... 60 more ...; validateSync?: any; }, {}, DefaultSchemaOptions> & { ...; } & { ...;...' is not assignable to type '(Document<unknown, {}, ICreatorPageDocument, {}, DefaultSchemaOptions> & ICreatorPageDocument & Required<...> & { ...; } & { ...; }) | null'.
        Type 'Document<unknown, {}, { status?: any; createdAt?: any; updatedAt?: any; displayName?: any; avatarUrl?: any; userId?: any; pageSlug?: any; tagline?: any; category?: any; bannerUrl?: any; about?: any; socialLinks?: any; theme?: any; ... 60 more ...; validateSync?: any; }, {}, DefaultSchemaOptions> & { ...; } & { ...; ...' is not assignable to type '(Document<unknown, {}, ICreatorPageDocument, {}, DefaultSchemaOptions> & ICreatorPageDocument & Required<...> & { ...; } & { ...; }) | null'.
          Type 'Document<unknown, {}, { status?: any; createdAt?: any; updatedAt?: any; displayName?: any; avatarUrl?: any; userId?: any; pageSlug?: any; tagline?: any; category?: any; bannerUrl?: any; about?: any; socialLinks?: any; theme?: any; ... 60 more ...; validateSync?: any; }, {}, DefaultSchemaOptions> & { ...; } & { ...; ...' is not assignable to type 'Document<unknown, {}, ICreatorPageDocument, {}, DefaultSchemaOptions> & ICreatorPageDocument & Required<...> & { ...; } & { ...; }'.
            Type 'Document<unknown, {}, { status?: any; createdAt?: any; updatedAt?: any; displayName?: any; avatarUrl?: any; userId?: any; pageSlug?: any; tagline?: any; category?: any; bannerUrl?: any; about?: any; socialLinks?: any; theme?: any; ... 60 more ...; validateSync?: any; }, {}, DefaultSchemaOptions> & { ...; } & { ...; ...' is not assignable to type 'ICreatorPageDocument'.
              Property 'status' is optional in type 'Document<unknown, {}, { status?: any; createdAt?: any; updatedAt?: any; displayName?: any; avatarUrl?: any; userId?: any; pageSlug?: any; tagline?: any; category?: any; bannerUrl?: any; about?: any; socialLinks?: any; theme?: any; ... 60 more ...; validateSync?: any; }, {}, DefaultSchemaOptions> & { ...; } & { ...; ...' but required in type 'ICreatorPageDocument'.
src/repositories/creatorPageRepository.ts(13,21): error TS2322: Type 'Query<(Document<unknown, {}, { status?: any; createdAt?: any; updatedAt?: any; displayName?: any; avatarUrl?: any; userId?: any; pageSlug?: any; tagline?: any; category?: any; bannerUrl?: any; about?: any; socialLinks?: any; theme?: any; ... 60 more ...; validateSync?: any; }, {}, DefaultSchemaOptions> & { ...; } & ...' is not assignable to type 'Query<(Document<unknown, {}, ICreatorPageDocument, {}, DefaultSchemaOptions> & ICreatorPageDocument & Required<...> & { ...; } & { ...; }) | null, ... 4 more ..., {}>'.
  The types returned by 'exec()' are incompatible between these types.
    Type 'Promise<(Document<unknown, {}, { status?: any; createdAt?: any; updatedAt?: any; displayName?: any; avatarUrl?: any; userId?: any; pageSlug?: any; tagline?: any; category?: any; bannerUrl?: any; about?: any; socialLinks?: any; theme?: any; ... 60 more ...; validateSync?: any; }, {}, DefaultSchemaOptions> & { ...; } ...' is not assignable to type 'Promise<(Document<unknown, {}, ICreatorPageDocument, {}, DefaultSchemaOptions> & ICreatorPageDocument & Required<...> & { ...; } & { ...; }) | null>'.
      Type '(Document<unknown, {}, { status?: any; createdAt?: any; updatedAt?: any; displayName?: any; avatarUrl?: any; userId?: any; pageSlug?: any; tagline?: any; category?: any; bannerUrl?: any; about?: any; socialLinks?: any; theme?: any; ... 60 more ...; validateSync?: any; }, {}, DefaultSchemaOptions> & { ...; } & { ...;...' is not assignable to type '(Document<unknown, {}, ICreatorPageDocument, {}, DefaultSchemaOptions> & ICreatorPageDocument & Required<...> & { ...; } & { ...; }) | null'.
        Type 'Document<unknown, {}, { status?: any; createdAt?: any; updatedAt?: any; displayName?: any; avatarUrl?: any; userId?: any; pageSlug?: any; tagline?: any; category?: any; bannerUrl?: any; about?: any; socialLinks?: any; theme?: any; ... 60 more ...; validateSync?: any; }, {}, DefaultSchemaOptions> & { ...; } & { ...; ...' is not assignable to type '(Document<unknown, {}, ICreatorPageDocument, {}, DefaultSchemaOptions> & ICreatorPageDocument & Required<...> & { ...; } & { ...; }) | null'.
          Type 'Document<unknown, {}, { status?: any; createdAt?: any; updatedAt?: any; displayName?: any; avatarUrl?: any; userId?: any; pageSlug?: any; tagline?: any; category?: any; bannerUrl?: any; about?: any; socialLinks?: any; theme?: any; ... 60 more ...; validateSync?: any; }, {}, DefaultSchemaOptions> & { ...; } & { ...; ...' is not assignable to type 'Document<unknown, {}, ICreatorPageDocument, {}, DefaultSchemaOptions> & ICreatorPageDocument & Required<...> & { ...; } & { ...; }'.
            Type 'Document<unknown, {}, { status?: any; createdAt?: any; updatedAt?: any; displayName?: any; avatarUrl?: any; userId?: any; pageSlug?: any; tagline?: any; category?: any; bannerUrl?: any; about?: any; socialLinks?: any; theme?: any; ... 60 more ...; validateSync?: any; }, {}, DefaultSchemaOptions> & { ...; } & { ...; ...' is not assignable to type 'ICreatorPageDocument'.
              Property 'status' is optional in type 'Document<unknown, {}, { status?: any; createdAt?: any; updatedAt?: any; displayName?: any; avatarUrl?: any; userId?: any; pageSlug?: any; tagline?: any; category?: any; bannerUrl?: any; about?: any; socialLinks?: any; theme?: any; ... 60 more ...; validateSync?: any; }, {}, DefaultSchemaOptions> & { ...; } & { ...; ...' but required in type 'ICreatorPageDocument'.
src/repositories/memberRepository.ts(6,21): error TS2322: Type 'Query<(Document<unknown, {}, { creatorId?: any; pageId?: any; status?: any; memberId?: any; tier?: any; joinedAt?: any; cancelledAt?: any; lastVisitAt?: any; totalVisits?: any; _id?: any; $assertPopulated?: any; $clearModifiedPaths?: any; ... 54 more ...; validateSync?: any; }, {}, DefaultSchemaOptions> & { ...; } &...' is not assignable to type 'Query<(Document<unknown, {}, IMemberDocument, {}, DefaultSchemaOptions> & IMemberDocument & Required<{ _id: ObjectId; }> & { ...; } & { ...; })[], ... 4 more ..., {}>'.
  The types returned by 'exec()' are incompatible between these types.
    Type 'Promise<(Document<unknown, {}, { creatorId?: any; pageId?: any; status?: any; memberId?: any; tier?: any; joinedAt?: any; cancelledAt?: any; lastVisitAt?: any; totalVisits?: any; _id?: any; $assertPopulated?: any; $clearModifiedPaths?: any; ... 54 more ...; validateSync?: any; }, {}, DefaultSchemaOptions> & { ...; }...' is not assignable to type 'Promise<(Document<unknown, {}, IMemberDocument, {}, DefaultSchemaOptions> & IMemberDocument & Required<{ _id: ObjectId; }> & { ...; } & { ...; })[]>'.
      Type '(Document<unknown, {}, { creatorId?: any; pageId?: any; status?: any; memberId?: any; tier?: any; joinedAt?: any; cancelledAt?: any; lastVisitAt?: any; totalVisits?: any; _id?: any; $assertPopulated?: any; $clearModifiedPaths?: any; ... 54 more ...; validateSync?: any; }, {}, DefaultSchemaOptions> & { ...; } & { ......' is not assignable to type '(Document<unknown, {}, IMemberDocument, {}, DefaultSchemaOptions> & IMemberDocument & Required<{ _id: ObjectId; }> & { ...; } & { ...; })[]'.
        Type 'Document<unknown, {}, { creatorId?: any; pageId?: any; status?: any; memberId?: any; tier?: any; joinedAt?: any; cancelledAt?: any; lastVisitAt?: any; totalVisits?: any; _id?: any; $assertPopulated?: any; $clearModifiedPaths?: any; ... 54 more ...; validateSync?: any; }, {}, DefaultSchemaOptions> & { ...; } & { ...;...' is not assignable to type 'Document<unknown, {}, IMemberDocument, {}, DefaultSchemaOptions> & IMemberDocument & Required<{ _id: ObjectId; }> & { ...; } & { ...; }'.
          Type 'Document<unknown, {}, { creatorId?: any; pageId?: any; status?: any; memberId?: any; tier?: any; joinedAt?: any; cancelledAt?: any; lastVisitAt?: any; totalVisits?: any; _id?: any; $assertPopulated?: any; $clearModifiedPaths?: any; ... 54 more ...; validateSync?: any; }, {}, DefaultSchemaOptions> & { ...; } & { ...;...' is not assignable to type 'IMemberDocument'.
            Property 'creatorId' is optional in type 'Document<unknown, {}, { creatorId?: any; pageId?: any; status?: any; memberId?: any; tier?: any; joinedAt?: any; cancelledAt?: any; lastVisitAt?: any; totalVisits?: any; _id?: any; $assertPopulated?: any; $clearModifiedPaths?: any; ... 54 more ...; validateSync?: any; }, {}, DefaultSchemaOptions> & { ...; } & { ...;...' but required in type 'IMemberDocument'.
src/repositories/postLikeRepository.ts(6,21): error TS2322: Type 'Query<(Document<unknown, {}, { postId?: any; userId?: any; createdAt?: any; _id?: any; $assertPopulated?: any; $clearModifiedPaths?: any; $clone?: any; $createModifiedPathsSnapshot?: any; $getAllSubdocs?: any; $ignore?: any; ... 50 more ...; validateSync?: any; }, {}, DefaultSchemaOptions> & { ...; } & { ...; } & { ...' is not assignable to type 'Query<(Document<unknown, {}, IPostLikeDocument, {}, DefaultSchemaOptions> & IPostLikeDocument & Required<{ _id: ObjectId; }> & { ...; } & { ...; })[], ... 4 more ..., {}>'.
  The types returned by 'exec()' are incompatible between these types.
    Type 'Promise<(Document<unknown, {}, { postId?: any; userId?: any; createdAt?: any; _id?: any; $assertPopulated?: any; $clearModifiedPaths?: any; $clone?: any; $createModifiedPathsSnapshot?: any; $getAllSubdocs?: any; $ignore?: any; ... 50 more ...; validateSync?: any; }, {}, DefaultSchemaOptions> & { ...; } & { ...; } & ...' is not assignable to type 'Promise<(Document<unknown, {}, IPostLikeDocument, {}, DefaultSchemaOptions> & IPostLikeDocument & Required<{ _id: ObjectId; }> & { ...; } & { ...; })[]>'.
      Type '(Document<unknown, {}, { postId?: any; userId?: any; createdAt?: any; _id?: any; $assertPopulated?: any; $clearModifiedPaths?: any; $clone?: any; $createModifiedPathsSnapshot?: any; $getAllSubdocs?: any; $ignore?: any; ... 50 more ...; validateSync?: any; }, {}, DefaultSchemaOptions> & { ...; } & { ...; } & { ...; }...' is not assignable to type '(Document<unknown, {}, IPostLikeDocument, {}, DefaultSchemaOptions> & IPostLikeDocument & Required<{ _id: ObjectId; }> & { ...; } & { ...; })[]'.
        Type 'Document<unknown, {}, { postId?: any; userId?: any; createdAt?: any; _id?: any; $assertPopulated?: any; $clearModifiedPaths?: any; $clone?: any; $createModifiedPathsSnapshot?: any; $getAllSubdocs?: any; $ignore?: any; ... 50 more ...; validateSync?: any; }, {}, DefaultSchemaOptions> & { ...; } & { ...; } & { ...; } ...' is not assignable to type 'Document<unknown, {}, IPostLikeDocument, {}, DefaultSchemaOptions> & IPostLikeDocument & Required<{ _id: ObjectId; }> & { ...; } & { ...; }'.
          Type 'Document<unknown, {}, { postId?: any; userId?: any; createdAt?: any; _id?: any; $assertPopulated?: any; $clearModifiedPaths?: any; $clone?: any; $createModifiedPathsSnapshot?: any; $getAllSubdocs?: any; $ignore?: any; ... 50 more ...; validateSync?: any; }, {}, DefaultSchemaOptions> & { ...; } & { ...; } & { ...; } ...' is not assignable to type 'IPostLikeDocument'.
            Property 'postId' is optional in type 'Document<unknown, {}, { postId?: any; userId?: any; createdAt?: any; _id?: any; $assertPopulated?: any; $clearModifiedPaths?: any; $clone?: any; $createModifiedPathsSnapshot?: any; $getAllSubdocs?: any; $ignore?: any; ... 50 more ...; validateSync?: any; }, {}, DefaultSchemaOptions> & { ...; } & { ...; } & { ...; } ...' but required in type 'IPostLikeDocument'.
src/repositories/postRepository.ts(7,21): error TS2322: Type 'Query<(Document<unknown, {}, { creatorId?: any; pageId?: any; caption?: any; mediaAttachments?: any; postType?: any; tags?: any; visibility?: any; status?: any; publishedAt?: any; scheduledFor?: any; viewCount?: any; likeCount?: any; ... 62 more ...; validateSync?: any; }, {}, DefaultSchemaOptions> & { ...; } & { .....' is not assignable to type 'Query<(Document<unknown, {}, IPostDocument, {}, DefaultSchemaOptions> & IPostDocument & Required<{ _id: ObjectId; }> & { ...; } & { ...; })[], ... 4 more ..., {}>'.
  The types returned by 'exec()' are incompatible between these types.
    Type 'Promise<(Document<unknown, {}, { creatorId?: any; pageId?: any; caption?: any; mediaAttachments?: any; postType?: any; tags?: any; visibility?: any; status?: any; publishedAt?: any; scheduledFor?: any; viewCount?: any; likeCount?: any; ... 62 more ...; validateSync?: any; }, {}, DefaultSchemaOptions> & { ...; } & { ...' is not assignable to type 'Promise<(Document<unknown, {}, IPostDocument, {}, DefaultSchemaOptions> & IPostDocument & Required<{ _id: ObjectId; }> & { ...; } & { ...; })[]>'.
      Type '(Document<unknown, {}, { creatorId?: any; pageId?: any; caption?: any; mediaAttachments?: any; postType?: any; tags?: any; visibility?: any; status?: any; publishedAt?: any; scheduledFor?: any; viewCount?: any; likeCount?: any; ... 62 more ...; validateSync?: any; }, {}, DefaultSchemaOptions> & { ...; } & { ...; } &...' is not assignable to type '(Document<unknown, {}, IPostDocument, {}, DefaultSchemaOptions> & IPostDocument & Required<{ _id: ObjectId; }> & { ...; } & { ...; })[]'.
        Type 'Document<unknown, {}, { creatorId?: any; pageId?: any; caption?: any; mediaAttachments?: any; postType?: any; tags?: any; visibility?: any; status?: any; publishedAt?: any; scheduledFor?: any; viewCount?: any; likeCount?: any; ... 62 more ...; validateSync?: any; }, {}, DefaultSchemaOptions> & { ...; } & { ...; } & ...' is not assignable to type 'Document<unknown, {}, IPostDocument, {}, DefaultSchemaOptions> & IPostDocument & Required<{ _id: ObjectId; }> & { ...; } & { ...; }'.
          Type 'Document<unknown, {}, { creatorId?: any; pageId?: any; caption?: any; mediaAttachments?: any; postType?: any; tags?: any; visibility?: any; status?: any; publishedAt?: any; scheduledFor?: any; viewCount?: any; likeCount?: any; ... 62 more ...; validateSync?: any; }, {}, DefaultSchemaOptions> & { ...; } & { ...; } & ...' is not assignable to type 'IPostDocument'.
            Property 'creatorId' is optional in type 'Document<unknown, {}, { creatorId?: any; pageId?: any; caption?: any; mediaAttachments?: any; postType?: any; tags?: any; visibility?: any; status?: any; publishedAt?: any; scheduledFor?: any; viewCount?: any; likeCount?: any; ... 62 more ...; validateSync?: any; }, {}, DefaultSchemaOptions> & { ...; } & { ...; } & ...' but required in type 'IPostDocument'.
src/repositories/postRepository.ts(16,21): error TS2322: Type 'Query<(Document<unknown, {}, { creatorId?: any; pageId?: any; caption?: any; mediaAttachments?: any; postType?: any; tags?: any; visibility?: any; status?: any; publishedAt?: any; scheduledFor?: any; viewCount?: any; likeCount?: any; ... 62 more ...; validateSync?: any; }, {}, DefaultSchemaOptions> & { ...; } & { .....' is not assignable to type 'Query<(Document<unknown, {}, IPostDocument, {}, DefaultSchemaOptions> & IPostDocument & Required<{ _id: ObjectId; }> & { ...; } & { ...; })[], ... 4 more ..., {}>'.
  The types returned by 'exec()' are incompatible between these types.
    Type 'Promise<(Document<unknown, {}, { creatorId?: any; pageId?: any; caption?: any; mediaAttachments?: any; postType?: any; tags?: any; visibility?: any; status?: any; publishedAt?: any; scheduledFor?: any; viewCount?: any; likeCount?: any; ... 62 more ...; validateSync?: any; }, {}, DefaultSchemaOptions> & { ...; } & { ...' is not assignable to type 'Promise<(Document<unknown, {}, IPostDocument, {}, DefaultSchemaOptions> & IPostDocument & Required<{ _id: ObjectId; }> & { ...; } & { ...; })[]>'.
      Type '(Document<unknown, {}, { creatorId?: any; pageId?: any; caption?: any; mediaAttachments?: any; postType?: any; tags?: any; visibility?: any; status?: any; publishedAt?: any; scheduledFor?: any; viewCount?: any; likeCount?: any; ... 62 more ...; validateSync?: any; }, {}, DefaultSchemaOptions> & { ...; } & { ...; } &...' is not assignable to type '(Document<unknown, {}, IPostDocument, {}, DefaultSchemaOptions> & IPostDocument & Required<{ _id: ObjectId; }> & { ...; } & { ...; })[]'.
        Type 'Document<unknown, {}, { creatorId?: any; pageId?: any; caption?: any; mediaAttachments?: any; postType?: any; tags?: any; visibility?: any; status?: any; publishedAt?: any; scheduledFor?: any; viewCount?: any; likeCount?: any; ... 62 more ...; validateSync?: any; }, {}, DefaultSchemaOptions> & { ...; } & { ...; } & ...' is not assignable to type 'Document<unknown, {}, IPostDocument, {}, DefaultSchemaOptions> & IPostDocument & Required<{ _id: ObjectId; }> & { ...; } & { ...; }'.
          Type 'Document<unknown, {}, { creatorId?: any; pageId?: any; caption?: any; mediaAttachments?: any; postType?: any; tags?: any; visibility?: any; status?: any; publishedAt?: any; scheduledFor?: any; viewCount?: any; likeCount?: any; ... 62 more ...; validateSync?: any; }, {}, DefaultSchemaOptions> & { ...; } & { ...; } & ...' is not assignable to type 'IPostDocument'.
            Property 'creatorId' is optional in type 'Document<unknown, {}, { creatorId?: any; pageId?: any; caption?: any; mediaAttachments?: any; postType?: any; tags?: any; visibility?: any; status?: any; publishedAt?: any; scheduledFor?: any; viewCount?: any; likeCount?: any; ... 62 more ...; validateSync?: any; }, {}, DefaultSchemaOptions> & { ...; } & { ...; } & ...' but required in type 'IPostDocument'.
src/repositories/postRepository.ts(25,21): error TS2322: Type 'Query<(Document<unknown, {}, { creatorId?: any; pageId?: any; caption?: any; mediaAttachments?: any; postType?: any; tags?: any; visibility?: any; status?: any; publishedAt?: any; scheduledFor?: any; viewCount?: any; likeCount?: any; ... 62 more ...; validateSync?: any; }, {}, DefaultSchemaOptions> & { ...; } & { .....' is not assignable to type 'Query<(Document<unknown, {}, IPostDocument, {}, DefaultSchemaOptions> & IPostDocument & Required<{ _id: ObjectId; }> & { ...; } & { ...; }) | null, ... 4 more ..., {}>'.
  The types returned by 'exec()' are incompatible between these types.
    Type 'Promise<(Document<unknown, {}, { creatorId?: any; pageId?: any; caption?: any; mediaAttachments?: any; postType?: any; tags?: any; visibility?: any; status?: any; publishedAt?: any; scheduledFor?: any; viewCount?: any; likeCount?: any; ... 62 more ...; validateSync?: any; }, {}, DefaultSchemaOptions> & { ...; } & { ...' is not assignable to type 'Promise<(Document<unknown, {}, IPostDocument, {}, DefaultSchemaOptions> & IPostDocument & Required<{ _id: ObjectId; }> & { ...; } & { ...; }) | null>'.
      Type '(Document<unknown, {}, { creatorId?: any; pageId?: any; caption?: any; mediaAttachments?: any; postType?: any; tags?: any; visibility?: any; status?: any; publishedAt?: any; scheduledFor?: any; viewCount?: any; likeCount?: any; ... 62 more ...; validateSync?: any; }, {}, DefaultSchemaOptions> & { ...; } & { ...; } &...' is not assignable to type '(Document<unknown, {}, IPostDocument, {}, DefaultSchemaOptions> & IPostDocument & Required<{ _id: ObjectId; }> & { ...; } & { ...; }) | null'.
        Type 'Document<unknown, {}, { creatorId?: any; pageId?: any; caption?: any; mediaAttachments?: any; postType?: any; tags?: any; visibility?: any; status?: any; publishedAt?: any; scheduledFor?: any; viewCount?: any; likeCount?: any; ... 62 more ...; validateSync?: any; }, {}, DefaultSchemaOptions> & { ...; } & { ...; } & ...' is not assignable to type '(Document<unknown, {}, IPostDocument, {}, DefaultSchemaOptions> & IPostDocument & Required<{ _id: ObjectId; }> & { ...; } & { ...; }) | null'.
          Type 'Document<unknown, {}, { creatorId?: any; pageId?: any; caption?: any; mediaAttachments?: any; postType?: any; tags?: any; visibility?: any; status?: any; publishedAt?: any; scheduledFor?: any; viewCount?: any; likeCount?: any; ... 62 more ...; validateSync?: any; }, {}, DefaultSchemaOptions> & { ...; } & { ...; } & ...' is not assignable to type 'Document<unknown, {}, IPostDocument, {}, DefaultSchemaOptions> & IPostDocument & Required<{ _id: ObjectId; }> & { ...; } & { ...; }'.
            Type 'Document<unknown, {}, { creatorId?: any; pageId?: any; caption?: any; mediaAttachments?: any; postType?: any; tags?: any; visibility?: any; status?: any; publishedAt?: any; scheduledFor?: any; viewCount?: any; likeCount?: any; ... 62 more ...; validateSync?: any; }, {}, DefaultSchemaOptions> & { ...; } & { ...; } & ...' is not assignable to type 'IPostDocument'.
              Property 'creatorId' is optional in type 'Document<unknown, {}, { creatorId?: any; pageId?: any; caption?: any; mediaAttachments?: any; postType?: any; tags?: any; visibility?: any; status?: any; publishedAt?: any; scheduledFor?: any; viewCount?: any; likeCount?: any; ... 62 more ...; validateSync?: any; }, {}, DefaultSchemaOptions> & { ...; } & { ...; } & ...' but required in type 'IPostDocument'.
